 ★ SUPER STAR TREK ★  USS ENTERPRISE NCC-1701              [Theme: MODERN (F2)] 
┌─────────────────────────────────┐╭─────────────────────────────────────────╮  
│  1   2   3   4   5   6   7   8  ││ LOCATION: Quad [3, 4]   Sec [2, 6]      │  
│1  .   .   .   .   .   .   .   . ││ CONDITION RED                           │  
│2  .   .   .   .   .  <E>  .   . ││ Stardate: 2508.0   Time Remaining: 30.0 │  
│3  .   .   .  +K+  .   .   .   . ││ Energy:   [██████████] 5000/5000        │  
│4  .   .   .   .   .   .   .   . ││ Shields:  [░░░░░░░░░░]    0/2500        │  
│5  .   .   .   .   .   .   .   . ││ Torpedoes: [TORP: 10/10]                │  
│6  .   .   .   .   .   .   .   . ││ SUBSYSTEM REPAIR STATUS:                │  
│7  .   .   .   .   .   .   .   . ││ Warp:      OK  Tubes:             OK    │  
│8  .   .   .   .   .   .   .   . ││ SRS:       OK  Damage Control:    OK    │  
└─────────────────────────────────┘│ LRS:       OK  Shields:           OK    │  
                                   │ Phasers:   OK  Computer:          OK    │  
                                   │ RADAR (QUADRANTS ±1)  [K-B-S]:          │  
                                   │       3    4    5                       │  
                                   │   2  000  000  000                      │  
                                   │   3  000 <000> 000                      │  
                                   │   4  000  000  000                      │  
                                   ╰─────────────────────────────────────────╯  
╭──────────────────────────────────────────────────────────────────────────────╮
│                                                                              │
│                                                                              │
│ Super Star Trek — Tactical Display Online                                    │
│ Type 'help' for commands, 'quit' to exit, F2 to cycle themes                 │
│ COMMAND>                                                                     │
╰──────────────────────────────────────────────────────────────────────────────╯