 ★ SUPER STAR TREK ★  USS ENTERPRISE NCC-1701              [Theme: MODERN (F2)] 
┌─────────────────────────────────┐╭─────────────────────────────────────────╮  
│  1   2   3   4   5   6   7   8  ││ CONDITION GREEN   LOC: Q[3,4] S[2,6]    │  
│1  .  [0m┌─[1] MISSION DEBRIEF & TELEMETRY──[2] STARFLEET HALL OF FAME────┐0.0 │  
│2  .  [0m│  #  CAPTAIN              RANK       SCORE  STARDATE  DATE      │    │  
│3  .  [0m│ ────────────────────────────────────────────────────────────── │    │  
│4  .  [0m│  1. James T. Kirk        [FADM]      1180    3421.5  2265-01-01│    │  
│5  .  [0m│  2. Spock                [RADM]       980    3210.4  2265-01-01│    │  
│6  .  [0m│  3. Christopher Pike     [COMM]       840    3105.2  2265-01-01│    │  
│7  .  [0m│  4. Hikaru Sulu          [COMM]       720    2980.1  2265-01-01│    │  
│8  .  [0m│  5. Nyota Uhura          [CAPT]       560    2840.7  2265-01-01│    │  
└──────[0m│  6. Montgomery Scott     [CDR]        480    2710.3  2265-01-01│    │  
       [0m│  7. Leonard McCoy        [CDR]        420    2650.9  2265-01-01│    │  
       [0m│  8. Pavel Chekov         [LT]         310    2510.6  2265-01-01│    │  
       [0m│  9. Christine Chapel     [LT]         180    2390.2  2265-01-01│    │  
       [0m│ 10. Janice Rand          [CADET]       90    2210.8  2265-01-01│    │  
       [0m│ ────────────────────────────────────────────────────────────── │────╯  
╭──────[0m│ Starfleet Command honors all officers serving the Federation.  │──────╮
│      [0m│ [Tab / 1-2] Switch Tab                 [Esc / Q / H] Dismiss   │      │
│      [0m│                                                                │      │
│ Super[0m└────────────────────────────────────────────────────────────────┘      │
│ Type 'help' for commands, 'quit' to exit, F2 to cycle themes                 │
│ COMMAND>                                                                     │
╰──────────────────────────────────────────────────────────────────────────────╯