 ★ SUPER STAR TREK ★  USS ENTERPRISE NCC-1701              [Theme: MODERN (F2)] 
┌─────────────────────────────────┐╭─────────────────────────────────────────╮  
│  1   2   3   4   5   6   7   8  ││ CONDITION GREEN   LOC: Q[3,3] S[2,6]    │  
│1  .   [0m╭──────────────────────────────────────────────────────────────╮30.0 │  
│2  .   [0m│                     GALACTIC STAR CHART                      │     │  
│3  .   [0m│                                                              │     │  
│4  .   [0m│        1      2      3      4      5      6      7      8    │     │  
│5  .   [0m│   1   ···    ···    ···    ···    ···    ···    ···    ···   │     │  
│6  .   [0m│   2   ···    ···    ···    ···    105    ···    ···    ···   │K    │  
│7  .   [0m│   3   ···    ···   [003]   012    ···    ···    ···    ···   │K    │  
│8  .   [0m│   4   .1.    ···    ···    ···    ···    ···    ···    ···   │K    │  
└───────[0m│   5   ···    ···    ···    ···    .1.    .1.    ···    ···   │K    │  
        [0m│   6   ···    ···    ···    ···    ···    ···    ···    ···   │     │  
        [0m│   7   ···    ···    ···    ···    ···    ···    ···    ···   │     │  
        [0m│   8   ···    ···    ···    ···    ···    ···    ···    ···   │     │  
        [0m│ ──────────────────────────────────────────────────────────── │     │  
        [0m│ Target: Quad [3, 3]  •  Current Position                     │─────╯  
╭───────[0m│ Course: --  •  Warp: --                                      │───────╮
│       [0m│                                                              │       │
│       [0m│ [Enter] Warp  [Arrows/HJKL] Move  [Esc] Close                │       │
│ Super [0m╰──────────────────────────────────────────────────────────────╯       │
│ Type 'help' for commands, 'quit' to exit, F2 to cycle themes                 │
│ COMMAND>                                                                     │
╰──────────────────────────────────────────────────────────────────────────────╯